I'm sorry, but errors were detected in your script. Please correct the
errors listed below, and try again.


File "game/script.rpy", line 21: is not terminated with a newline. (Check strings and parenthesis.)
(Perhaps you left out a " at the end of the first line.)
        "Aerin" "Brodda

Ren'Py Version: Ren'Py 8.2.1.24030407
Fri May  3 20:38:47 2024
